[2026-08-13T15:49:09.111Z] [SUCCESS] [TEST_SUITE] [Support AI Flow] Backend log server test
[2026-08-13T15:53:08.844Z] [SYSTEM] [FILE_WATCHER] [Security Engine] Background File Watcher active. Monitoring 2 folders.
[2026-08-13T15:53:18.377Z] [INFO] [FILE_WATCHER] [Security Engine] 🛡️ [FILE WATCHER] Scanned "sample_download.exe" (70 Bytes) | Entropy: 4.343 | Threat: CLEAN (Risk Score: 15/100) | SHA-256: e8b4d4223342...
[2026-08-13T15:53:18.982Z] [WARN] [FILE_WATCHER] [Security Engine] 🛡️ [FILE WATCHER] Scanned "639204432293101061.pdf" (46.03 KB) | Entropy: 7.918 | Threat: SUSPICIOUS (Risk Score: 35/100) | SHA-256: 3cc1f5c89342...
[2026-08-13T15:53:19.074Z] [WARN] [FILE_WATCHER] [Security Engine] 🛡️ [FILE WATCHER] Scanned "Antigravity IDE.exe" (213.18 MB) | Entropy: 7.978 | Threat: SUSPICIOUS (Risk Score: 50/100) | SHA-256: c6122476637c...
[2026-08-13T15:53:19.103Z] [WARN] [FILE_WATCHER] [Security Engine] 🛡️ [FILE WATCHER] Scanned "AntiraggingAffidavitForm.pdf" (31.52 KB) | Entropy: 7.859 | Threat: SUSPICIOUS (Risk Score: 35/100) | SHA-256: e9b853b1af12...
[2026-08-13T15:53:19.133Z] [WARN] [FILE_WATCHER] [Security Engine] 🛡️ [FILE WATCHER] Scanned "AnyDesk.exe" (7.98 MB) | Entropy: 8 | Threat: SUSPICIOUS (Risk Score: 50/100) | SHA-256: 624d333a4d84...
[2026-08-13T15:53:19.270Z] [INFO] [FILE_WATCHER] [Security Engine] 🛡️ [FILE WATCHER] Scanned "ChromeSetup.exe" (11.84 MB) | Entropy: 6.709 | Threat: CLEAN (Risk Score: 15/100) | SHA-256: 2f445a72120c...
[2026-08-13T15:53:19.272Z] [INFO] [FILE_WATCHER] [Security Engine] 🛡️ [FILE WATCHER] Scanned "desktop.ini" (282 Bytes) | Entropy: 3.519 | Threat: CLEAN (Risk Score: 0/100) | SHA-256: b029393ea7b7...
[2026-08-13T15:53:19.299Z] [WARN] [FILE_WATCHER] [Security Engine] 🛡️ [FILE WATCHER] Scanned "Everything You Need to Know About Evolving Threat of Ransomware.jpg" (101.18 KB) | Entropy: 7.988 | Threat: SUSPICIOUS (Risk Score: 35/100) | SHA-256: 7a7c1ce09c29...
[2026-08-13T15:53:19.377Z] [INFO] [FILE_WATCHER] [Security Engine] 🛡️ [FILE WATCHER] Scanned "gcapi.dll" (385 KB) | Entropy: 6.7 | Threat: CLEAN (Risk Score: 15/100) | SHA-256: 73170761d677...
[2026-08-13T15:53:19.417Z] [WARN] [FILE_WATCHER] [Security Engine] 🛡️ [FILE WATCHER] Scanned "Git-2.55.0.3-64-bit.exe" (62.36 MB) | Entropy: 7.975 | Threat: SUSPICIOUS (Risk Score: 50/100) | SHA-256: d71534b405a6...
[2026-08-13T15:53:19.540Z] [WARN] [FILE_WATCHER] [Security Engine] 🛡️ [FILE WATCHER] Scanned "GitHubDesktopSetup-x64.exe" (294.21 MB) | Entropy: 7.997 | Threat: SUSPICIOUS (Risk Score: 50/100) | SHA-256: 2edf3d810463...
[2026-08-13T15:53:19.598Z] [WARN] [FILE_WATCHER] [Security Engine] 🛡️ [FILE WATCHER] Scanned "hp_LJ1020_Full_Solution-v2012_918_1_57980.exe" (80.17 MB) | Entropy: 7.993 | Threat: SUSPICIOUS (Risk Score: 50/100) | SHA-256: 5c2d15b32113...
[2026-08-13T15:53:19.681Z] [WARN] [FILE_WATCHER] [Security Engine] 🛡️ [FILE WATCHER] Scanned "implementation_plan.md" (7.23 KB) | Entropy: 4.803 | Threat: SUSPICIOUS (Risk Score: 40/100) | SHA-256: f0db1eaa3877...
[2026-08-13T15:53:19.697Z] [WARN] [FILE_WATCHER] [Security Engine] 🛡️ [FILE WATCHER] Scanned "mingw-get-setup.exe" (84.5 KB) | Entropy: 7.817 | Threat: SUSPICIOUS (Risk Score: 50/100) | SHA-256: aab27bd5547d...
[2026-08-13T15:53:19.753Z] [WARN] [FILE_WATCHER] [Security Engine] 🛡️ [FILE WATCHER] Scanned "node-v24.18.1-x64.msi" (31.35 MB) | Entropy: 7.93 | Threat: SUSPICIOUS (Risk Score: 35/100) | SHA-256: d2775f175d42...
[2026-08-13T15:53:19.823Z] [WARN] [FILE_WATCHER] [Security Engine] 🛡️ [FILE WATCHER] Scanned "progit.pdf" (17.97 MB) | Entropy: 7.663 | Threat: SUSPICIOUS (Risk Score: 35/100) | SHA-256: 0e7a05643177...
[2026-08-13T15:53:19.884Z] [WARN] [FILE_WATCHER] [Security Engine] 🛡️ [FILE WATCHER] Scanned "python-manager-26.3.msix" (44.87 MB) | Entropy: 7.998 | Threat: SUSPICIOUS (Risk Score: 35/100) | SHA-256: 8cd8d7e79be4...
[2026-08-13T15:53:19.918Z] [WARN] [FILE_WATCHER] [Security Engine] 🛡️ [FILE WATCHER] Scanned "RansomSense_Research_Proposal.pptx" (87.4 KB) | Entropy: 7.747 | Threat: SUSPICIOUS (Risk Score: 35/100) | SHA-256: 835f7e1a45ec...
[2026-08-13T15:53:19.947Z] [WARN] [FILE_WATCHER] [Security Engine] 🛡️ [FILE WATCHER] Scanned "Registration-Form_2026-27.pdf" (868.5 KB) | Entropy: 7.733 | Threat: SUSPICIOUS (Risk Score: 35/100) | SHA-256: f7dc7e410d13...
[2026-08-13T15:53:19.949Z] [INFO] [FILE_WATCHER] [Security Engine] 🛡️ [FILE WATCHER] Scanned "service.conf.lock" (0 Bytes) | Entropy: 0 | Threat: CLEAN (Risk Score: 0/100) | SHA-256: e3b0c44298fc...
[2026-08-13T15:53:19.950Z] [INFO] [FILE_WATCHER] [Security Engine] 🛡️ [FILE WATCHER] Scanned "system.conf.lock" (0 Bytes) | Entropy: 0 | Threat: CLEAN (Risk Score: 0/100) | SHA-256: e3b0c44298fc...
[2026-08-13T17:57:33.868Z] [SYSTEM] [FILE_WATCHER] [Security Engine] Background File Watcher active. Monitoring 2 folders.
[2026-08-13T17:58:08.337Z] [INFO] [FILE_WATCHER] [Security Engine] 🛡️ [FILE WATCHER] Scanned "sample_download.exe" (70 Bytes) | Entropy: 4.343 | Threat: CLEAN (Risk Score: 15/100) | SHA-256: e8b4d4223342...
[2026-08-13T17:58:08.368Z] [WARN] [FILE_WATCHER] [Security Engine] 🛡️ [FILE WATCHER] Scanned "639204432293101061.pdf" (46.03 KB) | Entropy: 7.918 | Threat: SUSPICIOUS (Risk Score: 35/100) | SHA-256: 3cc1f5c89342...
[2026-08-13T17:58:08.433Z] [WARN] [FILE_WATCHER] [Security Engine] 🛡️ [FILE WATCHER] Scanned "Antigravity IDE.exe" (213.18 MB) | Entropy: 7.978 | Threat: SUSPICIOUS (Risk Score: 50/100) | SHA-256: c6122476637c...
[2026-08-13T17:58:08.457Z] [WARN] [FILE_WATCHER] [Security Engine] 🛡️ [FILE WATCHER] Scanned "AntiraggingAffidavitForm.pdf" (31.52 KB) | Entropy: 7.859 | Threat: SUSPICIOUS (Risk Score: 35/100) | SHA-256: e9b853b1af12...
[2026-08-13T17:58:08.504Z] [WARN] [FILE_WATCHER] [Security Engine] 🛡️ [FILE WATCHER] Scanned "AnyDesk.exe" (7.98 MB) | Entropy: 8 | Threat: SUSPICIOUS (Risk Score: 50/100) | SHA-256: 624d333a4d84...
[2026-08-13T17:58:08.565Z] [INFO] [FILE_WATCHER] [Security Engine] 🛡️ [FILE WATCHER] Scanned "ChromeSetup.exe" (11.84 MB) | Entropy: 6.709 | Threat: CLEAN (Risk Score: 15/100) | SHA-256: 2f445a72120c...
[2026-08-13T17:58:08.568Z] [INFO] [FILE_WATCHER] [Security Engine] 🛡️ [FILE WATCHER] Scanned "desktop.ini" (282 Bytes) | Entropy: 3.519 | Threat: CLEAN (Risk Score: 0/100) | SHA-256: b029393ea7b7...
[2026-08-13T17:58:08.577Z] [WARN] [FILE_WATCHER] [Security Engine] 🛡️ [FILE WATCHER] Scanned "Everything You Need to Know About Evolving Threat of Ransomware.jpg" (101.18 KB) | Entropy: 7.988 | Threat: SUSPICIOUS (Risk Score: 35/100) | SHA-256: 7a7c1ce09c29...
[2026-08-13T17:58:08.723Z] [INFO] [FILE_WATCHER] [Security Engine] 🛡️ [FILE WATCHER] Scanned "gcapi.dll" (385 KB) | Entropy: 6.7 | Threat: CLEAN (Risk Score: 15/100) | SHA-256: 73170761d677...
[2026-08-13T17:58:08.785Z] [WARN] [FILE_WATCHER] [Security Engine] 🛡️ [FILE WATCHER] Scanned "Git-2.55.0.3-64-bit.exe" (62.36 MB) | Entropy: 7.975 | Threat: SUSPICIOUS (Risk Score: 50/100) | SHA-256: d71534b405a6...
[2026-08-13T17:58:08.847Z] [WARN] [FILE_WATCHER] [Security Engine] 🛡️ [FILE WATCHER] Scanned "GitHubDesktopSetup-x64.exe" (294.21 MB) | Entropy: 7.997 | Threat: SUSPICIOUS (Risk Score: 50/100) | SHA-256: 2edf3d810463...
[2026-08-13T17:58:08.911Z] [WARN] [FILE_WATCHER] [Security Engine] 🛡️ [FILE WATCHER] Scanned "hp_LJ1020_Full_Solution-v2012_918_1_57980.exe" (80.17 MB) | Entropy: 7.993 | Threat: SUSPICIOUS (Risk Score: 50/100) | SHA-256: 5c2d15b32113...
[2026-08-13T17:58:08.933Z] [WARN] [FILE_WATCHER] [Security Engine] 🛡️ [FILE WATCHER] Scanned "implementation_plan.md" (7.23 KB) | Entropy: 4.803 | Threat: SUSPICIOUS (Risk Score: 40/100) | SHA-256: f0db1eaa3877...
[2026-08-13T17:58:08.944Z] [WARN] [FILE_WATCHER] [Security Engine] 🛡️ [FILE WATCHER] Scanned "mingw-get-setup.exe" (84.5 KB) | Entropy: 7.817 | Threat: SUSPICIOUS (Risk Score: 50/100) | SHA-256: aab27bd5547d...
[2026-08-13T17:58:09.004Z] [WARN] [FILE_WATCHER] [Security Engine] 🛡️ [FILE WATCHER] Scanned "node-v24.18.1-x64.msi" (31.35 MB) | Entropy: 7.93 | Threat: SUSPICIOUS (Risk Score: 35/100) | SHA-256: d2775f175d42...
[2026-08-13T17:58:09.115Z] [WARN] [FILE_WATCHER] [Security Engine] 🛡️ [FILE WATCHER] Scanned "progit.pdf" (17.97 MB) | Entropy: 7.663 | Threat: SUSPICIOUS (Risk Score: 35/100) | SHA-256: 0e7a05643177...
[2026-08-13T17:58:09.200Z] [WARN] [FILE_WATCHER] [Security Engine] 🛡️ [FILE WATCHER] Scanned "python-manager-26.3.msix" (44.87 MB) | Entropy: 7.998 | Threat: SUSPICIOUS (Risk Score: 35/100) | SHA-256: 8cd8d7e79be4...
[2026-08-13T17:58:09.226Z] [WARN] [FILE_WATCHER] [Security Engine] 🛡️ [FILE WATCHER] Scanned "RansomSense_Research_Proposal.pptx" (87.4 KB) | Entropy: 7.747 | Threat: SUSPICIOUS (Risk Score: 35/100) | SHA-256: 835f7e1a45ec...
[2026-08-13T17:58:09.254Z] [WARN] [FILE_WATCHER] [Security Engine] 🛡️ [FILE WATCHER] Scanned "Registration-Form_2026-27.pdf" (868.5 KB) | Entropy: 7.733 | Threat: SUSPICIOUS (Risk Score: 35/100) | SHA-256: f7dc7e410d13...
[2026-08-13T17:58:09.257Z] [INFO] [FILE_WATCHER] [Security Engine] 🛡️ [FILE WATCHER] Scanned "service.conf.lock" (0 Bytes) | Entropy: 0 | Threat: CLEAN (Risk Score: 0/100) | SHA-256: e3b0c44298fc...
[2026-08-13T17:58:09.259Z] [INFO] [FILE_WATCHER] [Security Engine] 🛡️ [FILE WATCHER] Scanned "system.conf.lock" (0 Bytes) | Entropy: 0 | Threat: CLEAN (Risk Score: 0/100) | SHA-256: e3b0c44298fc...
[2026-08-19T13:18:04.554217] [INFO] [WATCHER] [Backend Engine] Background File Watcher active. Monitoring 2 directories.
[2026-08-19T13:18:45.583460] [INFO] [WATCHER] [Backend Engine] Background File Watcher active. Monitoring 2 directories.
[2026-08-19T13:19:12.578162] [INFO] [WATCHER] [Backend Engine] Background File Watcher active. Monitoring 2 directories.
[2026-08-19T13:19:12.591394] [INFO] [SERVER] [Backend Engine] OK Sentinel Backend Server running on port 8080
[2026-08-19T13:19:18.158396] [INFO] [SIMULATOR] [Backend Engine] ⚡ Created test download payload 'urgent_invoice_document_1787125758156.pdf.exe' in ./monitored_downloads
[2026-08-19T13:19:20.395351] [WARN] [QUARANTINE] [Backend Engine] 🔒 Isolated malicious threat 'urgent_invoice_document_1787125758156.pdf.exe' -> 20260819_131920_QUARANTINED_urgent_invoice_document_1787125758156.pdf.exe
[2026-08-19T13:19:20.396838] [ERROR] [FILE_WATCHER] [Backend Engine] 🛡️ Scanned 'urgent_invoice_document_1787125758156.pdf.exe' (50.0 KB) | Entropy: 7.997 | Threat: MALICIOUS_RANSOMWARE_RISK (Risk: 80/100) | SHA-256: 20c0ac61eb75...
[2026-08-19T13:20:28.778561] [INFO] [WATCHER] [Backend Engine] Background File Watcher active. Monitoring 2 directories.
[2026-08-19T13:20:28.794477] [INFO] [SERVER] [Backend Engine] OK Sentinel Backend Server running on port 8080
[2026-08-19T13:20:42.703886] [INFO] [SIMULATOR] [Backend Engine] ⚡ Created test download payload 'annual_report_1787125842702.pdf' in ./monitored_downloads
[2026-08-19T13:20:44.139713] [INFO] [FILE_WATCHER] [Backend Engine] 🛡️ Scanned 'annual_report_1787125842702.pdf' (66.0 Bytes) | Entropy: 4.437 | Threat: CLEAN (Risk: 0/100) | SHA-256: 405b0c4ff5c0...
[2026-08-19T13:21:36.750062] [INFO] [SIMULATOR] [Backend Engine] ⚡ Created test download payload 'annual_report_1787125896749.pdf' in ./monitored_downloads
[2026-08-19T13:21:37.090935] [INFO] [FILE_WATCHER] [Backend Engine] 🛡️ Scanned 'annual_report_1787125896749.pdf' (66.0 Bytes) | Entropy: 4.437 | Threat: CLEAN (Risk: 0/100) | SHA-256: 405b0c4ff5c0...
[2026-08-19T13:21:39.077755] [INFO] [SIMULATOR] [Backend Engine] ⚡ Created test download payload 'urgent_invoice_document_1787125899072.pdf.exe' in ./monitored_downloads
[2026-08-19T13:21:40.131428] [WARN] [QUARANTINE] [Backend Engine] 🔒 Isolated malicious threat 'urgent_invoice_document_1787125899072.pdf.exe' -> 20260819_132140_QUARANTINED_urgent_invoice_document_1787125899072.pdf.exe
[2026-08-19T13:21:40.136067] [ERROR] [FILE_WATCHER] [Backend Engine] 🛡️ Scanned 'urgent_invoice_document_1787125899072.pdf.exe' (50.0 KB) | Entropy: 7.996 | Threat: MALICIOUS_RANSOMWARE_RISK (Risk: 80/100) | SHA-256: 7d651f2442a4...
[2026-08-19T13:26:17.120986] [INFO] [WATCHER] [Backend Engine] Background File Watcher active. Monitoring 2 directories.
[2026-08-19T13:26:17.161982] [INFO] [SERVER] [Backend Engine] OK Sentinel Backend Server running on port 8080
[2026-08-19T13:26:38.737549] [INFO] [WATCHER] [Backend Engine] Background File Watcher active. Monitoring 2 directories.
[2026-08-19T13:26:38.749888] [INFO] [SERVER] [Backend Engine] OK Sentinel Backend Server running on port 8080
[2026-08-19T13:26:53.512873] [INFO] [WATCHER] [Backend Engine] Background File Watcher active. Monitoring 2 directories.
[2026-08-19T13:26:53.524017] [INFO] [SERVER] [Backend Engine] OK Sentinel Backend Server running on port 8080
[2026-08-19T13:29:04.055750] [INFO] [WATCHER] [Security Engine] Native File Watcher active. Monitoring 2 local folders.
[2026-08-19T13:39:57.099844] [INFO] [SCANNER] [Security Engine] Continuous File Scanner started. Actively monitoring 2 directories.
[2026-08-19T13:39:57.100628] [INFO] [SCANNER] [Security Engine] 🛡️ Scanned 'annual_report_1787125842702.pdf' (66.0 Bytes) | Entropy: 4.437 | Threat: CLEAN (Risk: 0/100) | SHA-256: 405b0c4ff5c0...
[2026-08-19T13:39:57.152625] [INFO] [SCANNER] [Security Engine] 🛡️ Scanned 'annual_report_1787125896749.pdf' (66.0 Bytes) | Entropy: 4.437 | Threat: CLEAN (Risk: 0/100) | SHA-256: 405b0c4ff5c0...
[2026-08-19T08:16:59.231Z] [SYSTEM] [FILE_WATCHER] [Security Engine] Background File Watcher active. Monitoring 2 folders.
[2026-08-19T08:17:09.236Z] [INFO] [FILE_WATCHER] [Security Engine] 🛡️ [FILE WATCHER] Scanned "annual_report_1787125842702.pdf" (66 Bytes) | Entropy: 4.437 | Threat: CLEAN (Risk Score: 0/100) | SHA-256: 405b0c4ff5c0...
[2026-08-19T08:17:09.237Z] [INFO] [FILE_WATCHER] [Security Engine] 🛡️ [FILE WATCHER] Scanned "annual_report_1787125896749.pdf" (66 Bytes) | Entropy: 4.437 | Threat: CLEAN (Risk Score: 0/100) | SHA-256: 405b0c4ff5c0...
[2026-08-19T08:17:09.239Z] [INFO] [FILE_WATCHER] [Security Engine] 🛡️ [FILE WATCHER] Scanned "sample_download.exe" (70 Bytes) | Entropy: 4.343 | Threat: CLEAN (Risk Score: 15/100) | SHA-256: e8b4d4223342...
[2026-08-19T08:17:09.244Z] [WARN] [FILE_WATCHER] [Security Engine] 🛡️ [FILE WATCHER] Scanned "639204432293101061.pdf" (46.03 KB) | Entropy: 7.918 | Threat: SUSPICIOUS (Risk Score: 35/100) | SHA-256: 3cc1f5c89342...
[2026-08-19T08:17:09.268Z] [WARN] [FILE_WATCHER] [Security Engine] 🛡️ [FILE WATCHER] Scanned "Antigravity IDE.exe" (213.18 MB) | Entropy: 7.978 | Threat: SUSPICIOUS (Risk Score: 50/100) | SHA-256: c6122476637c...
[2026-08-19T08:17:09.270Z] [WARN] [FILE_WATCHER] [Security Engine] 🛡️ [FILE WATCHER] Scanned "AntiraggingAffidavitForm.pdf" (31.52 KB) | Entropy: 7.859 | Threat: SUSPICIOUS (Risk Score: 35/100) | SHA-256: e9b853b1af12...
[2026-08-19T08:17:09.289Z] [WARN] [FILE_WATCHER] [Security Engine] 🛡️ [FILE WATCHER] Scanned "AnyDesk.exe" (7.98 MB) | Entropy: 8 | Threat: SUSPICIOUS (Risk Score: 50/100) | SHA-256: 624d333a4d84...
[2026-08-19T08:17:09.315Z] [INFO] [FILE_WATCHER] [Security Engine] 🛡️ [FILE WATCHER] Scanned "ChromeSetup.exe" (11.84 MB) | Entropy: 6.709 | Threat: CLEAN (Risk Score: 15/100) | SHA-256: 2f445a72120c...
[2026-08-19T08:17:09.316Z] [INFO] [FILE_WATCHER] [Security Engine] 🛡️ [FILE WATCHER] Scanned "desktop.ini" (282 Bytes) | Entropy: 3.519 | Threat: CLEAN (Risk Score: 0/100) | SHA-256: b029393ea7b7...
[2026-08-19T08:17:09.320Z] [WARN] [FILE_WATCHER] [Security Engine] 🛡️ [FILE WATCHER] Scanned "Everything You Need to Know About Evolving Threat of Ransomware.jpg" (101.18 KB) | Entropy: 7.988 | Threat: SUSPICIOUS (Risk Score: 35/100) | SHA-256: 7a7c1ce09c29...
[2026-08-19T08:17:09.323Z] [INFO] [FILE_WATCHER] [Security Engine] 🛡️ [FILE WATCHER] Scanned "gcapi.dll" (385 KB) | Entropy: 6.7 | Threat: CLEAN (Risk Score: 15/100) | SHA-256: 73170761d677...
[2026-08-19T08:17:09.348Z] [WARN] [FILE_WATCHER] [Security Engine] 🛡️ [FILE WATCHER] Scanned "Git-2.55.0.3-64-bit.exe" (62.36 MB) | Entropy: 7.975 | Threat: SUSPICIOUS (Risk Score: 50/100) | SHA-256: d71534b405a6...
[2026-08-19T08:17:09.378Z] [WARN] [FILE_WATCHER] [Security Engine] 🛡️ [FILE WATCHER] Scanned "GitHubDesktopSetup-x64.exe" (294.21 MB) | Entropy: 7.997 | Threat: SUSPICIOUS (Risk Score: 50/100) | SHA-256: 2edf3d810463...
[2026-08-19T08:17:09.423Z] [WARN] [FILE_WATCHER] [Security Engine] 🛡️ [FILE WATCHER] Scanned "hp_LJ1020_Full_Solution-v2012_918_1_57980.exe" (80.17 MB) | Entropy: 7.993 | Threat: SUSPICIOUS (Risk Score: 50/100) | SHA-256: 5c2d15b32113...
[2026-08-19T08:17:09.426Z] [WARN] [FILE_WATCHER] [Security Engine] 🛡️ [FILE WATCHER] Scanned "implementation_plan.md" (7.23 KB) | Entropy: 4.803 | Threat: SUSPICIOUS (Risk Score: 40/100) | SHA-256: f0db1eaa3877...
[2026-08-19T08:17:09.429Z] [WARN] [FILE_WATCHER] [Security Engine] 🛡️ [FILE WATCHER] Scanned "mingw-get-setup.exe" (84.5 KB) | Entropy: 7.817 | Threat: SUSPICIOUS (Risk Score: 50/100) | SHA-256: aab27bd5547d...
[2026-08-19T08:17:09.459Z] [WARN] [FILE_WATCHER] [Security Engine] 🛡️ [FILE WATCHER] Scanned "node-v24.18.1-x64.msi" (31.35 MB) | Entropy: 7.93 | Threat: SUSPICIOUS (Risk Score: 35/100) | SHA-256: d2775f175d42...
[2026-08-19T08:17:09.563Z] [WARN] [FILE_WATCHER] [Security Engine] 🛡️ [FILE WATCHER] Scanned "progit.pdf" (17.97 MB) | Entropy: 7.663 | Threat: SUSPICIOUS (Risk Score: 35/100) | SHA-256: 0e7a05643177...
[2026-08-19T08:17:09.602Z] [WARN] [FILE_WATCHER] [Security Engine] 🛡️ [FILE WATCHER] Scanned "python-manager-26.3.msix" (44.87 MB) | Entropy: 7.998 | Threat: SUSPICIOUS (Risk Score: 35/100) | SHA-256: 8cd8d7e79be4...
[2026-08-19T08:17:09.605Z] [WARN] [FILE_WATCHER] [Security Engine] 🛡️ [FILE WATCHER] Scanned "RansomSense_Research_Proposal.pptx" (87.4 KB) | Entropy: 7.747 | Threat: SUSPICIOUS (Risk Score: 35/100) | SHA-256: 835f7e1a45ec...
[2026-08-19T08:17:09.657Z] [WARN] [FILE_WATCHER] [Security Engine] 🛡️ [FILE WATCHER] Scanned "Registration-Form_2026-27.pdf" (868.5 KB) | Entropy: 7.733 | Threat: SUSPICIOUS (Risk Score: 35/100) | SHA-256: f7dc7e410d13...
[2026-08-19T08:17:09.659Z] [INFO] [FILE_WATCHER] [Security Engine] 🛡️ [FILE WATCHER] Scanned "service.conf.lock" (0 Bytes) | Entropy: 0 | Threat: CLEAN (Risk Score: 0/100) | SHA-256: e3b0c44298fc...
[2026-08-19T08:17:09.659Z] [INFO] [FILE_WATCHER] [Security Engine] 🛡️ [FILE WATCHER] Scanned "system.conf.lock" (0 Bytes) | Entropy: 0 | Threat: CLEAN (Risk Score: 0/100) | SHA-256: e3b0c44298fc...
[2026-08-19T13:47:58.940397] [INFO] [SCANNER] [Security Engine] Continuous File Scanner started. Actively monitoring 2 directories.
[2026-08-19T13:47:58.941041] [INFO] [SCANNER] [Security Engine] 🛡️ Scanned 'annual_report_1787125842702.pdf' (66.0 Bytes) | Entropy: 4.437 | Threat: CLEAN (Risk: 0/100) | SHA-256: 405b0c4ff5c0...
[2026-08-19T13:47:58.994985] [INFO] [SCANNER] [Security Engine] 🛡️ Scanned 'annual_report_1787125896749.pdf' (66.0 Bytes) | Entropy: 4.437 | Threat: CLEAN (Risk: 0/100) | SHA-256: 405b0c4ff5c0...
[2026-08-19T13:47:59.039812] [INFO] [SERVER] [Security Engine] Ransom Sense Backend Service ready on 127.0.0.1:8080
[2026-08-19T13:47:59.046781] [INFO] [SCANNER] [Security Engine] 🛡️ Scanned 'sample_download.exe' (70.0 Bytes) | Entropy: 4.343 | Threat: CLEAN (Risk: 15/100) | SHA-256: e8b4d4223342...
[2026-08-19T13:47:59.102397] [WARN] [SCANNER] [Security Engine] 🛡️ Scanned '639204432293101061.pdf' (46.03 KB) | Entropy: 7.918 | Threat: SUSPICIOUS (Risk: 35/100) | SHA-256: 3cc1f5c89342...
[2026-08-19T13:47:59.440189] [WARN] [SCANNER] [Security Engine] 🛡️ Scanned 'Antigravity IDE.exe' (213.18 MB) | Entropy: 7.978 | Threat: SUSPICIOUS (Risk: 50/100) | SHA-256: c6122476637c...
[2026-08-19T13:47:59.494117] [WARN] [SCANNER] [Security Engine] 🛡️ Scanned 'AntiraggingAffidavitForm.pdf' (31.52 KB) | Entropy: 7.859 | Threat: SUSPICIOUS (Risk: 35/100) | SHA-256: e9b853b1af12...
[2026-08-19T13:47:59.772553] [WARN] [SCANNER] [Security Engine] 🛡️ Scanned 'AnyDesk.exe' (7.98 MB) | Entropy: 8.0 | Threat: SUSPICIOUS (Risk: 50/100) | SHA-256: 624d333a4d84...
[2026-08-19T13:48:00.234784] [INFO] [SCANNER] [Security Engine] 🛡️ Scanned 'ChromeSetup.exe' (11.84 MB) | Entropy: 6.709 | Threat: CLEAN (Risk: 15/100) | SHA-256: 2f445a72120c...
[2026-08-19T13:48:00.287596] [INFO] [SCANNER] [Security Engine] 🛡️ Scanned 'desktop.ini' (282.0 Bytes) | Entropy: 3.519 | Threat: CLEAN (Risk: 0/100) | SHA-256: b029393ea7b7...
[2026-08-19T13:48:00.344998] [WARN] [SCANNER] [Security Engine] 🛡️ Scanned 'Everything You Need to Know About Evolving Threat of Ransomware.jpg' (101.18 KB) | Entropy: 7.988 | Threat: SUSPICIOUS (Risk: 35/100) | SHA-256: 7a7c1ce09c29...
[2026-08-19T13:48:00.411753] [INFO] [SCANNER] [Security Engine] 🛡️ Scanned 'gcapi.dll' (385.0 KB) | Entropy: 6.7 | Threat: CLEAN (Risk: 15/100) | SHA-256: 73170761d677...
[2026-08-19T13:48:00.744960] [WARN] [SCANNER] [Security Engine] 🛡️ Scanned 'Git-2.55.0.3-64-bit.exe' (62.36 MB) | Entropy: 7.975 | Threat: SUSPICIOUS (Risk: 50/100) | SHA-256: d71534b405a6...
[2026-08-19T13:48:01.113264] [WARN] [SCANNER] [Security Engine] 🛡️ Scanned 'GitHubDesktopSetup-x64.exe' (294.21 MB) | Entropy: 7.997 | Threat: SUSPICIOUS (Risk: 50/100) | SHA-256: 2edf3d810463...
[2026-08-19T13:49:13.984475] [INFO] [SCANNER] [Security Engine] Continuous File Scanner started. Actively monitoring 2 directories.
[2026-08-19T13:49:13.985150] [INFO] [SCANNER] [Security Engine] 🛡️ Scanned 'annual_report_1787125842702.pdf' (66.0 Bytes) | Entropy: 4.437 | Threat: CLEAN (Risk: 0/100) | SHA-256: 405b0c4ff5c0...
[2026-08-19T13:49:14.049019] [INFO] [SCANNER] [Security Engine] 🛡️ Scanned 'annual_report_1787125896749.pdf' (66.0 Bytes) | Entropy: 4.437 | Threat: CLEAN (Risk: 0/100) | SHA-256: 405b0c4ff5c0...
[2026-08-19T13:49:14.074302] [INFO] [SERVER] [Security Engine] Ransom Sense Backend Service ready on 127.0.0.1:8080
[2026-08-19T13:49:14.110946] [INFO] [SCANNER] [Security Engine] 🛡️ Scanned 'sample_download.exe' (70.0 Bytes) | Entropy: 4.343 | Threat: CLEAN (Risk: 15/100) | SHA-256: e8b4d4223342...
[2026-08-19T13:49:14.169819] [WARN] [SCANNER] [Security Engine] 🛡️ Scanned '639204432293101061.pdf' (46.03 KB) | Entropy: 7.918 | Threat: SUSPICIOUS (Risk: 35/100) | SHA-256: 3cc1f5c89342...
[2026-08-19T13:49:14.517603] [WARN] [SCANNER] [Security Engine] 🛡️ Scanned 'Antigravity IDE.exe' (213.18 MB) | Entropy: 7.978 | Threat: SUSPICIOUS (Risk: 50/100) | SHA-256: c6122476637c...
[2026-08-19T13:49:14.571363] [WARN] [SCANNER] [Security Engine] 🛡️ Scanned 'AntiraggingAffidavitForm.pdf' (31.52 KB) | Entropy: 7.859 | Threat: SUSPICIOUS (Risk: 35/100) | SHA-256: e9b853b1af12...
[2026-08-19T13:49:14.857106] [WARN] [SCANNER] [Security Engine] 🛡️ Scanned 'AnyDesk.exe' (7.98 MB) | Entropy: 8.0 | Threat: SUSPICIOUS (Risk: 50/100) | SHA-256: 624d333a4d84...
[2026-08-19T13:49:15.215416] [INFO] [SCANNER] [Security Engine] 🛡️ Scanned 'ChromeSetup.exe' (11.84 MB) | Entropy: 6.709 | Threat: CLEAN (Risk: 15/100) | SHA-256: 2f445a72120c...
[2026-08-19T13:49:15.267725] [INFO] [SCANNER] [Security Engine] 🛡️ Scanned 'desktop.ini' (282.0 Bytes) | Entropy: 3.519 | Threat: CLEAN (Risk: 0/100) | SHA-256: b029393ea7b7...
[2026-08-19T13:49:15.323133] [WARN] [SCANNER] [Security Engine] 🛡️ Scanned 'Everything You Need to Know About Evolving Threat of Ransomware.jpg' (101.18 KB) | Entropy: 7.988 | Threat: SUSPICIOUS (Risk: 35/100) | SHA-256: 7a7c1ce09c29...
[2026-08-19T13:49:15.390601] [INFO] [SCANNER] [Security Engine] 🛡️ Scanned 'gcapi.dll' (385.0 KB) | Entropy: 6.7 | Threat: CLEAN (Risk: 15/100) | SHA-256: 73170761d677...
[2026-08-19T13:49:15.774334] [WARN] [SCANNER] [Security Engine] 🛡️ Scanned 'Git-2.55.0.3-64-bit.exe' (62.36 MB) | Entropy: 7.975 | Threat: SUSPICIOUS (Risk: 50/100) | SHA-256: d71534b405a6...
[2026-08-19T13:49:16.109336] [WARN] [SCANNER] [Security Engine] 🛡️ Scanned 'GitHubDesktopSetup-x64.exe' (294.21 MB) | Entropy: 7.997 | Threat: SUSPICIOUS (Risk: 50/100) | SHA-256: 2edf3d810463...
[2026-08-19T13:49:16.462943] [WARN] [SCANNER] [Security Engine] 🛡️ Scanned 'hp_LJ1020_Full_Solution-v2012_918_1_57980.exe' (80.17 MB) | Entropy: 7.993 | Threat: SUSPICIOUS (Risk: 50/100) | SHA-256: 5c2d15b32113...
[2026-08-19T13:49:16.515919] [WARN] [SCANNER] [Security Engine] 🛡️ Scanned 'implementation_plan.md' (7.23 KB) | Entropy: 4.803 | Threat: SUSPICIOUS (Risk: 40/100) | SHA-256: f0db1eaa3877...
[2026-08-19T13:49:16.570613] [WARN] [SCANNER] [Security Engine] 🛡️ Scanned 'mingw-get-setup.exe' (84.5 KB) | Entropy: 7.817 | Threat: SUSPICIOUS (Risk: 50/100) | SHA-256: aab27bd5547d...
[2026-08-19T13:49:16.917322] [WARN] [SCANNER] [Security Engine] 🛡️ Scanned 'node-v24.18.1-x64.msi' (31.35 MB) | Entropy: 7.93 | Threat: SUSPICIOUS (Risk: 35/100) | SHA-256: d2775f175d42...
[2026-08-19T13:49:17.289258] [WARN] [SCANNER] [Security Engine] 🛡️ Scanned 'progit.pdf' (17.97 MB) | Entropy: 7.663 | Threat: SUSPICIOUS (Risk: 35/100) | SHA-256: 0e7a05643177...
[2026-08-19T13:49:17.628380] [WARN] [SCANNER] [Security Engine] 🛡️ Scanned 'python-manager-26.3.msix' (44.87 MB) | Entropy: 7.998 | Threat: SUSPICIOUS (Risk: 35/100) | SHA-256: 8cd8d7e79be4...
[2026-08-19T13:49:17.688836] [WARN] [SCANNER] [Security Engine] 🛡️ Scanned 'RansomSense_Research_Proposal.pptx' (87.4 KB) | Entropy: 7.747 | Threat: SUSPICIOUS (Risk: 35/100) | SHA-256: 835f7e1a45ec...
[2026-08-19T13:49:17.776833] [WARN] [SCANNER] [Security Engine] 🛡️ Scanned 'Registration-Form_2026-27.pdf' (868.5 KB) | Entropy: 7.733 | Threat: SUSPICIOUS (Risk: 35/100) | SHA-256: f7dc7e410d13...
[2026-08-19T13:49:17.829248] [INFO] [SCANNER] [Security Engine] 🛡️ Scanned 'service.conf.lock' (0 Bytes) | Entropy: 0.0 | Threat: CLEAN (Risk: 0/100) | SHA-256: e3b0c44298fc...
[2026-08-19T13:49:17.882366] [INFO] [SCANNER] [Security Engine] 🛡️ Scanned 'system.conf.lock' (0 Bytes) | Entropy: 0.0 | Threat: CLEAN (Risk: 0/100) | SHA-256: e3b0c44298fc...
[2026-08-19T13:50:35.951240] [INFO] [SCANNER] [Security Engine] Continuous File Scanner started. Actively monitoring 2 directories.
[2026-08-19T13:50:36.470865] [INFO] [SCANNER] [Security Engine] 🛡️ Scanned 'annual_report_1787125842702.pdf' (66.0 Bytes) | Entropy: 4.437 | Threat: CLEAN (Risk: 0/100) | SHA-256: 405b0c4ff5c0...
[2026-08-19T13:50:36.526596] [INFO] [SCANNER] [Security Engine] 🛡️ Scanned 'annual_report_1787125896749.pdf' (66.0 Bytes) | Entropy: 4.437 | Threat: CLEAN (Risk: 0/100) | SHA-256: 405b0c4ff5c0...
[2026-08-19T13:50:36.583769] [INFO] [SCANNER] [Security Engine] 🛡️ Scanned 'sample_download.exe' (70.0 Bytes) | Entropy: 4.343 | Threat: CLEAN (Risk: 15/100) | SHA-256: e8b4d4223342...
[2026-08-19T13:50:36.638433] [WARN] [SCANNER] [Security Engine] 🛡️ Scanned '639204432293101061.pdf' (46.03 KB) | Entropy: 7.918 | Threat: SUSPICIOUS (Risk: 35/100) | SHA-256: 3cc1f5c89342...
[2026-08-19T13:50:36.976805] [WARN] [SCANNER] [Security Engine] 🛡️ Scanned 'Antigravity IDE.exe' (213.18 MB) | Entropy: 7.978 | Threat: SUSPICIOUS (Risk: 50/100) | SHA-256: c6122476637c...
[2026-08-19T13:50:37.029386] [WARN] [SCANNER] [Security Engine] 🛡️ Scanned 'AntiraggingAffidavitForm.pdf' (31.52 KB) | Entropy: 7.859 | Threat: SUSPICIOUS (Risk: 35/100) | SHA-256: e9b853b1af12...
[2026-08-19T13:50:37.316229] [WARN] [SCANNER] [Security Engine] 🛡️ Scanned 'AnyDesk.exe' (7.98 MB) | Entropy: 8.0 | Threat: SUSPICIOUS (Risk: 50/100) | SHA-256: 624d333a4d84...
[2026-08-19T13:50:37.680817] [INFO] [SCANNER] [Security Engine] 🛡️ Scanned 'ChromeSetup.exe' (11.84 MB) | Entropy: 6.709 | Threat: CLEAN (Risk: 15/100) | SHA-256: 2f445a72120c...
[2026-08-19T13:50:37.733300] [INFO] [SCANNER] [Security Engine] 🛡️ Scanned 'desktop.ini' (282.0 Bytes) | Entropy: 3.519 | Threat: CLEAN (Risk: 0/100) | SHA-256: b029393ea7b7...
[2026-08-19T13:50:37.788271] [WARN] [SCANNER] [Security Engine] 🛡️ Scanned 'Everything You Need to Know About Evolving Threat of Ransomware.jpg' (101.18 KB) | Entropy: 7.988 | Threat: SUSPICIOUS (Risk: 35/100) | SHA-256: 7a7c1ce09c29...
[2026-08-19T13:50:37.851160] [INFO] [SCANNER] [Security Engine] 🛡️ Scanned 'gcapi.dll' (385.0 KB) | Entropy: 6.7 | Threat: CLEAN (Risk: 15/100) | SHA-256: 73170761d677...
[2026-08-19T13:50:38.181335] [WARN] [SCANNER] [Security Engine] 🛡️ Scanned 'Git-2.55.0.3-64-bit.exe' (62.36 MB) | Entropy: 7.975 | Threat: SUSPICIOUS (Risk: 50/100) | SHA-256: d71534b405a6...
[2026-08-19T13:50:38.507206] [WARN] [SCANNER] [Security Engine] 🛡️ Scanned 'GitHubDesktopSetup-x64.exe' (294.21 MB) | Entropy: 7.997 | Threat: SUSPICIOUS (Risk: 50/100) | SHA-256: 2edf3d810463...
[2026-08-19T13:50:38.834462] [WARN] [SCANNER] [Security Engine] 🛡️ Scanned 'hp_LJ1020_Full_Solution-v2012_918_1_57980.exe' (80.17 MB) | Entropy: 7.993 | Threat: SUSPICIOUS (Risk: 50/100) | SHA-256: 5c2d15b32113...
[2026-08-19T13:50:38.887000] [WARN] [SCANNER] [Security Engine] 🛡️ Scanned 'implementation_plan.md' (7.23 KB) | Entropy: 4.803 | Threat: SUSPICIOUS (Risk: 40/100) | SHA-256: f0db1eaa3877...
[2026-08-19T13:50:38.944966] [WARN] [SCANNER] [Security Engine] 🛡️ Scanned 'mingw-get-setup.exe' (84.5 KB) | Entropy: 7.817 | Threat: SUSPICIOUS (Risk: 50/100) | SHA-256: aab27bd5547d...
[2026-08-19T13:50:39.278501] [WARN] [SCANNER] [Security Engine] 🛡️ Scanned 'node-v24.18.1-x64.msi' (31.35 MB) | Entropy: 7.93 | Threat: SUSPICIOUS (Risk: 35/100) | SHA-256: d2775f175d42...
[2026-08-19T13:50:39.602889] [WARN] [SCANNER] [Security Engine] 🛡️ Scanned 'progit.pdf' (17.97 MB) | Entropy: 7.663 | Threat: SUSPICIOUS (Risk: 35/100) | SHA-256: 0e7a05643177...
[2026-08-19T13:50:39.654743] [INFO] [SCANNER] [Security Engine] Continuous File Scanner started. Actively monitoring 2 directories.
[2026-08-19T13:50:39.935622] [WARN] [SCANNER] [Security Engine] 🛡️ Scanned 'python-manager-26.3.msix' (44.87 MB) | Entropy: 7.998 | Threat: SUSPICIOUS (Risk: 35/100) | SHA-256: 8cd8d7e79be4...
[2026-08-19T13:50:39.992031] [WARN] [SCANNER] [Security Engine] 🛡️ Scanned 'RansomSense_Research_Proposal.pptx' (87.4 KB) | Entropy: 7.747 | Threat: SUSPICIOUS (Risk: 35/100) | SHA-256: 835f7e1a45ec...
[2026-08-19T13:50:40.069354] [WARN] [SCANNER] [Security Engine] 🛡️ Scanned 'Registration-Form_2026-27.pdf' (868.5 KB) | Entropy: 7.733 | Threat: SUSPICIOUS (Risk: 35/100) | SHA-256: f7dc7e410d13...
[2026-08-19T13:50:40.121441] [INFO] [SCANNER] [Security Engine] 🛡️ Scanned 'service.conf.lock' (0 Bytes) | Entropy: 0.0 | Threat: CLEAN (Risk: 0/100) | SHA-256: e3b0c44298fc...
[2026-08-19T13:50:40.174088] [INFO] [SCANNER] [Security Engine] 🛡️ Scanned 'system.conf.lock' (0 Bytes) | Entropy: 0.0 | Threat: CLEAN (Risk: 0/100) | SHA-256: e3b0c44298fc...
[2026-08-19T13:50:41.732769] [INFO] [SCANNER] [Security Engine] 🛡️ Scanned 'annual_report_1787125842702.pdf' (66.0 Bytes) | Entropy: 4.437 | Threat: CLEAN (Risk: 0/100) | SHA-256: 405b0c4ff5c0...
[2026-08-19T13:50:41.784768] [INFO] [SCANNER] [Security Engine] 🛡️ Scanned 'annual_report_1787125896749.pdf' (66.0 Bytes) | Entropy: 4.437 | Threat: CLEAN (Risk: 0/100) | SHA-256: 405b0c4ff5c0...
[2026-08-19T13:50:41.836185] [INFO] [SCANNER] [Security Engine] 🛡️ Scanned 'sample_download.exe' (70.0 Bytes) | Entropy: 4.343 | Threat: CLEAN (Risk: 15/100) | SHA-256: e8b4d4223342...
[2026-08-19T13:50:41.890609] [WARN] [SCANNER] [Security Engine] 🛡️ Scanned '639204432293101061.pdf' (46.03 KB) | Entropy: 7.918 | Threat: SUSPICIOUS (Risk: 35/100) | SHA-256: 3cc1f5c89342...
[2026-08-19T13:50:42.221315] [WARN] [SCANNER] [Security Engine] 🛡️ Scanned 'Antigravity IDE.exe' (213.18 MB) | Entropy: 7.978 | Threat: SUSPICIOUS (Risk: 50/100) | SHA-256: c6122476637c...
[2026-08-19T13:50:42.274925] [WARN] [SCANNER] [Security Engine] 🛡️ Scanned 'AntiraggingAffidavitForm.pdf' (31.52 KB) | Entropy: 7.859 | Threat: SUSPICIOUS (Risk: 35/100) | SHA-256: e9b853b1af12...
[2026-08-19T13:50:42.551694] [WARN] [SCANNER] [Security Engine] 🛡️ Scanned 'AnyDesk.exe' (7.98 MB) | Entropy: 8.0 | Threat: SUSPICIOUS (Risk: 50/100) | SHA-256: 624d333a4d84...
[2026-08-19T13:50:42.880359] [INFO] [SCANNER] [Security Engine] 🛡️ Scanned 'ChromeSetup.exe' (11.84 MB) | Entropy: 6.709 | Threat: CLEAN (Risk: 15/100) | SHA-256: 2f445a72120c...
[2026-08-19T13:50:42.932479] [INFO] [SCANNER] [Security Engine] 🛡️ Scanned 'desktop.ini' (282.0 Bytes) | Entropy: 3.519 | Threat: CLEAN (Risk: 0/100) | SHA-256: b029393ea7b7...
[2026-08-19T13:50:42.992608] [WARN] [SCANNER] [Security Engine] 🛡️ Scanned 'Everything You Need to Know About Evolving Threat of Ransomware.jpg' (101.18 KB) | Entropy: 7.988 | Threat: SUSPICIOUS (Risk: 35/100) | SHA-256: 7a7c1ce09c29...
[2026-08-19T13:50:43.057180] [INFO] [SCANNER] [Security Engine] 🛡️ Scanned 'gcapi.dll' (385.0 KB) | Entropy: 6.7 | Threat: CLEAN (Risk: 15/100) | SHA-256: 73170761d677...
[2026-08-19T13:50:43.393462] [WARN] [SCANNER] [Security Engine] 🛡️ Scanned 'Git-2.55.0.3-64-bit.exe' (62.36 MB) | Entropy: 7.975 | Threat: SUSPICIOUS (Risk: 50/100) | SHA-256: d71534b405a6...
[2026-08-19T13:50:43.731238] [WARN] [SCANNER] [Security Engine] 🛡️ Scanned 'GitHubDesktopSetup-x64.exe' (294.21 MB) | Entropy: 7.997 | Threat: SUSPICIOUS (Risk: 50/100) | SHA-256: 2edf3d810463...
[2026-08-19T13:50:44.071391] [WARN] [SCANNER] [Security Engine] 🛡️ Scanned 'hp_LJ1020_Full_Solution-v2012_918_1_57980.exe' (80.17 MB) | Entropy: 7.993 | Threat: SUSPICIOUS (Risk: 50/100) | SHA-256: 5c2d15b32113...
[2026-08-19T13:50:44.124736] [WARN] [SCANNER] [Security Engine] 🛡️ Scanned 'implementation_plan.md' (7.23 KB) | Entropy: 4.803 | Threat: SUSPICIOUS (Risk: 40/100) | SHA-256: f0db1eaa3877...
[2026-08-19T13:50:44.182566] [WARN] [SCANNER] [Security Engine] 🛡️ Scanned 'mingw-get-setup.exe' (84.5 KB) | Entropy: 7.817 | Threat: SUSPICIOUS (Risk: 50/100) | SHA-256: aab27bd5547d...
[2026-08-19T13:50:44.531506] [WARN] [SCANNER] [Security Engine] 🛡️ Scanned 'node-v24.18.1-x64.msi' (31.35 MB) | Entropy: 7.93 | Threat: SUSPICIOUS (Risk: 35/100) | SHA-256: d2775f175d42...
[2026-08-19T13:50:44.868139] [WARN] [SCANNER] [Security Engine] 🛡️ Scanned 'progit.pdf' (17.97 MB) | Entropy: 7.663 | Threat: SUSPICIOUS (Risk: 35/100) | SHA-256: 0e7a05643177...
